{
    "My first translate": "",
    "My second translate": "",
    "My third translate": "",
    "My paragraph": "",
    "mySuffix ---": ""
}