{
    "My first translate": "Ma premi√®re traduction",
    "My second translate": "",
    "My third translate": "",
    "My paragraph": "Mon paragraphe",
    "mySuffix ---": "waou : "
}